<!-- wp:spacer {"height":"200em"} -->
<div style="height:200em" aria-hidden="true" class="wp-block-spacer"></div>
<!-- /wp:spacer -->