<!-- wp:fsb/flexible-spacer {"heightLg":"200px","heightMd":"200px","heightSm":"200px"} -->
<div aria-hidden="true" class="wp-block-fsb-flexible-spacer fsb-flexible-spacer"><div class="fsb-flexible-spacer__device fsb-flexible-spacer__device--lg" style="height:200px"></div><div class="fsb-flexible-spacer__device fsb-flexible-spacer__device--md" style="height:200px"></div><div class="fsb-flexible-spacer__device fsb-flexible-spacer__device--sm" style="height:200px"></div></div>
<!-- /wp:fsb/flexible-spacer -->